---
source: tests/cli_parse.rs
expression: error
---
error: invalid value 'invalid-type' for '<SECRET_VALUE_TYPE>'
  [possible values: json, notes, password, title, url, url-filter, username, gpg-key-email, gpg-key-name, gpg-key-private, gpg-key-public, secret-type, env-vars, ssh-key-public, ssh-key-private, totp-period, totp-algorithm, totp-digits, totp-code, credit-card-number, credit-card-cvc, credit-card-name, credit-card-valid-through, credit-card-pin, elster-certificate-file-content, elster-certificate-password, elster-certificate-retrieval-code]

For more information, try '--help'.
